
> @myapp/web@1.0.0 build E:\workspace\MyRnApp\packages\web
> webpack --mode production --config ../../webpack.config.js

assets by status 1.22 MiB [emitted]
  asset bundle.30f5a596ee7765915f8c.js 1.22 MiB [emitted] [immutable] [minimized] [big] (name: main) 2 related assets
  asset index.html 1.33 KiB [emitted] [compared for emit]
assets by path assets/fonts/*.ttf 417 KiB
  asset assets/fonts/MaterialIcons.ttf 348 KiB [compared for emit] [from: ../../node_modules/.pnpm/@react-native-vector-icons+material-icons@13.1.1_react-native@0.74.7_react@18.2.0/node_modules/@react-native-vector-icons/material-icons/fonts/MaterialIcons.ttf] [big] (auxiliary name: main)
  asset assets/fonts/AntDesign.ttf 68.7 KiB [compared for emit] [from: ../../node_modules/.pnpm/react-native-vector-icons@10.3.0/node_modules/react-native-vector-icons/Fonts/AntDesign.ttf] (auxiliary name: main)
orphan modules 1.16 MiB [orphan] 265 modules
runtime modules 2.79 KiB 9 modules
cacheable modules 3.35 MiB (javascript) 417 KiB (asset)
  modules by path ../../node_modules/.pnpm/ 3.05 MiB (javascript) 417 KiB (asset)
    javascript modules 3.01 MiB 74 modules
    asset modules 417 KiB (asset) 84 bytes (javascript) 2 modules
    ../../node_modules/.pnpm/@react-native-vector-icons+material-icons@13.1.1_react-...(truncated) 45.1 KiB [built] [code generated]
  modules by path ../shared/src/ 198 KiB 39 modules
  modules by path ./src/ 62 KiB 11 modules
  modules by path ../jsbridge/dist/esm/*.js 44.7 KiB
    ../jsbridge/dist/esm/index.js 4.1 KiB [built] [code generated]
    ../jsbridge/dist/esm/types.js 334 bytes [built] [code generated]
    ../jsbridge/dist/esm/env.js 7.83 KiB [built] [code generated]
    + 2 modules

WARNING in asset size limit: The following asset(s) exceed the recommended size limit (244 KiB).
This can impact web performance.
Assets: 
  assets/fonts/MaterialIcons.ttf (348 KiB)
  bundle.30f5a596ee7765915f8c.js (1.22 MiB)

WARNING in entrypoint size limit: The following entrypoint(s) combined asset size exceeds the recommended limit (244 KiB). This can impact web performance.
Entrypoints:
  main (1.22 MiB)
      bundle.30f5a596ee7765915f8c.js

WARNING in webpack performance recommendations: 
You can limit the size of your bundles by using import() or require.ensure to lazy load some parts of your application.
For more info visit https://webpack.js.org/guides/code-splitting/

webpack 5.107.0 compiled with 3 warnings in 13407 ms
